should render a secret with correct name, labels, annotations, and data:
  1: |
    apiVersion: v1
    data:
      base64: aGVsbG8=
    kind: Secret
    metadata:
      annotations:
        app.kubernetes.io/source: github
      labels:
        app: database
        app.kubernetes.io/instance: RELEASE-NAME
        app.kubernetes.io/managed-by: Helm
        app.kubernetes.io/name: secrets
        helm.sh/chart: secrets-1.0.0
      name: foo-secret
    stringData:
      dynamic: App
      static: file
    type: Opaque
should render data templates:
  1: |
    apiVersion: v1
    data:
      property1: foo-value
    kind: Secret
    metadata:
      annotations:
        app.kubernetes.io/source: github
      labels:
        app: database
        app.kubernetes.io/instance: RELEASE-NAME
        app.kubernetes.io/managed-by: Helm
        app.kubernetes.io/name: secrets
        helm.sh/chart: secrets-1.0.0
      name: foo-secret
    type: Opaque
should render stringData templates if no string data is defined:
  1: |
    apiVersion: v1
    data:
      base64: aGVsbG8=
    kind: Secret
    metadata:
      annotations:
        app.kubernetes.io/source: github
      labels:
        app: database
        app.kubernetes.io/instance: RELEASE-NAME
        app.kubernetes.io/managed-by: Helm
        app.kubernetes.io/name: secrets
        helm.sh/chart: secrets-1.0.0
      name: foo-secret
    stringData:
      dynamic: App
    type: Opaque
